------------------------------------------------------------
Timing Analyzer Summary
------------------------------------------------------------

Type  : Slow 1200mV 85C Model Setup 'pll_clock_gen_9mhz_inst|altpll_component|auto_generated|pll1|clk[0]'
Slack : -38.210
TNS   : -170.680

Type  : Slow 1200mV 85C Model Setup 'system_clock'
Slack : 12.371
TNS   : 0.000

Type  : Slow 1200mV 85C Model Hold 'pll_clock_gen_9mhz_inst|altpll_component|auto_generated|pll1|clk[0]'
Slack : 0.452
TNS   : 0.000

Type  : Slow 1200mV 85C Model Hold 'system_clock'
Slack : 0.453
TNS   : 0.000

Type  : Slow 1200mV 85C Model Minimum Pulse Width 'system_clock'
Slack : 9.780
TNS   : 0.000

Type  : Slow 1200mV 85C Model Minimum Pulse Width 'pll_clock_gen_9mhz_inst|altpll_component|auto_generated|pll1|clk[0]'
Slack : 55.255
TNS   : 0.000

Type  : Slow 1200mV 0C Model Setup 'pll_clock_gen_9mhz_inst|altpll_component|auto_generated|pll1|clk[0]'
Slack : -34.634
TNS   : -154.526

Type  : Slow 1200mV 0C Model Setup 'system_clock'
Slack : 12.870
TNS   : 0.000

Type  : Slow 1200mV 0C Model Hold 'pll_clock_gen_9mhz_inst|altpll_component|auto_generated|pll1|clk[0]'
Slack : 0.401
TNS   : 0.000

Type  : Slow 1200mV 0C Model Hold 'system_clock'
Slack : 0.401
TNS   : 0.000

Type  : Slow 1200mV 0C Model Minimum Pulse Width 'system_clock'
Slack : 9.771
TNS   : 0.000

Type  : Slow 1200mV 0C Model Minimum Pulse Width 'pll_clock_gen_9mhz_inst|altpll_component|auto_generated|pll1|clk[0]'
Slack : 55.226
TNS   : 0.000

Type  : Fast 1200mV 0C Model Setup 'pll_clock_gen_9mhz_inst|altpll_component|auto_generated|pll1|clk[0]'
Slack : -15.247
TNS   : -67.573

Type  : Fast 1200mV 0C Model Setup 'system_clock'
Slack : 16.711
TNS   : 0.000

Type  : Fast 1200mV 0C Model Hold 'pll_clock_gen_9mhz_inst|altpll_component|auto_generated|pll1|clk[0]'
Slack : 0.186
TNS   : 0.000

Type  : Fast 1200mV 0C Model Hold 'system_clock'
Slack : 0.187
TNS   : 0.000

Type  : Fast 1200mV 0C Model Minimum Pulse Width 'system_clock'
Slack : 9.435
TNS   : 0.000

Type  : Fast 1200mV 0C Model Minimum Pulse Width 'pll_clock_gen_9mhz_inst|altpll_component|auto_generated|pll1|clk[0]'
Slack : 55.290
TNS   : 0.000

------------------------------------------------------------
